#lang racket

(for ([ch "cat"])
	(displayln ch)
)
