abstract class Tree {}
class Leaf extends Tree {
	Leaf();
}
class Node extends Tree {
	dynamic left;
	dynamic value;
	dynamic right;
	Node({this.left, this.value, this.right});
}

dynamic value_of_root(t) {
	return (() {
	var _t = t;
	if (_t is Node) { return ((v) { return v; })((_t as Node).value); }
	return 0;
})();
}

void main() {
	print(value_of_root(Node(left: Leaf(), value: 5, right: Leaf())));
}
