object Main {
	def main(args: Array[String]): Unit = {
		val numbers = List(1, 2, 3, 4, 5, 6, 7, 8, 9)
		for (n <- numbers) {
			if (((n % 2) == 0)) {
			}
			if ((n > 7)) {
			}
			println("odd number:", n)
		}
	}
}

