object Main {
	def main(args: Array[String]): Unit = {
		for (n <- List(1, 2, 3)) {
			println(n)
		}
	}
}

