object Main {
	def main(args: Array[String]): Unit = {
		for (ch <- "hi") {
			println(ch)
		}
	}
}

