object Main {
	def main(args: Array[String]): Unit = {
		var nums = List(1, 2)
		nums(1) = 3
		println(nums(1))
	}
}

