object Main {
	def main(args: Array[String]): Unit = {
		var m = scala.collection.mutable.Map()
		m(1) = 10
		m(2) = 20
		if (m.contains(1)) {
			println(m(1))
		}
		println(m(2))
	}
}

