:- style_check(-singleton).
	foo(N, Res) :-
	(N < 0 ->
		_V0 is -(1),
		Res = _V0, !
	;
		(N =:= 0 ->
			Res = 0, !
		;
			Res = 1, !
		)
	)
	.

	main :-
	_V1 is -(2),
	foo(_V1, _V2),
	writeln(_V2),
	foo(0, _V3),
	writeln(_V3),
	foo(3, _V4),
	writeln(_V4)
	.
:- initialization(main, main).
