<?php
function id($x) {
	return $x;
}

echo id(123), PHP_EOL;
