<?php
function remove($nums, $i) {
	return ($nums[0] + $nums[($i + 1)]);
}

echo remove([1, 2, 3, 4], 1), PHP_EOL;
