// Generated by Mochi TypeScript compiler

type Todo = {
	title: string;
}

let todo: Todo = {"title": "hi"}

function main(): void {
	console.log(todo.title)
}
main()
