// Generated by Mochi TypeScript compiler

let map: Record<string, number> = {"a": 1}

function main(): void {
	console.log(map["a"])
}
main()
