// Generated by Mochi TypeScript compiler

function id(x: number) : number {
	return x
}

function main(): void {
	console.log(id(123))
}
main()
