// Generated by Mochi TypeScript compiler

let c: number = 0

let m: Record<string, number> = {"x": 1, "y": 2}

function main(): void {
	for (let _: number = 0; _ < 2; _++) {
		c = (c + 1)
	}
	for (const _ of [1, 2]) {
		c = (c + 1)
	}
	for (const _ of "ab") {
		c = (c + 1)
	}
	for (const _ of Object.keys(m)) {
		c = (c + 1)
	}
	console.log(c)
}
main()
