// Generated by Mochi TypeScript compiler

let set: Record<number, boolean> = {} as Record<number, boolean>

let i: number = 1

let count: number = 0

function main(): void {
	for (const n of [1, 2, 3]) {
		set[n] = true
	}
	while (Object.prototype.hasOwnProperty.call(set, String(i))) {
		i = (i + 1)
		count = (count + 1)
	}
	console.log(count)
}
main()
