const std = @import("std");

pub fn main() void {
	var i: i32 = 0;
	while ((i < 3)) {
		std.debug.print("{d}\n", .{i});
		i = (i + 1);
	}
}
